// Jest Snapshot v1, https://goo.gl/fbAQLP

exports[`Componente AboutView Validaci√≥n de match con snapshot 1`] = `
<div class="about">
  <h1>This is an about page</h1>
  <h2>About what?</h2>
  <h4>About <u><b>page</b></u></h4>
</div>
`;
